// Jest Snapshot v1, https://goo.gl/fbAQLP

exports[`Should FilterList match to snapshot 1`] = `
Array [
  <section
    className="filter-list"
>
    <div
        className="filter-title"
    >
        Locale
    </div>
    <div
        className="filter-list-items"
    >
        <button
            className="filter-button "
            onClick={[Function]}
        >
            <div
                className="filter-title"
            >
                en_AU
            </div>
        </button>
        <button
            className="filter-button "
            onClick={[Function]}
        >
            <div
                className="filter-title"
            >
                de_DE 
            </div>
        </button>
        <button
            className="filter-button "
            onClick={[Function]}
        >
            <div
                className="filter-title"
            >
                pt_BR
            </div>
        </button>
        <button
            className="filter-button "
            onClick={[Function]}
        >
            <div
                className="filter-title"
            >
                fr_FR
            </div>
        </button>
        <button
            className="filter-button "
            onClick={[Function]}
        >
            <div
                className="filter-title"
            >
                en_US
            </div>
        </button>
        <button
            className="filter-button "
            onClick={[Function]}
        >
            <div
                className="filter-title"
            >
                es_AR
            </div>
        </button>
    </div>
</section>,
  <section
    className="filter-list"
>
    <div
        className="filter-title"
    >
        País
    </div>
    <div
        className="filter-list-items"
    >
        <button
            className="filter-button "
            onClick={[Function]}
        >
            <div
                className="filter-title"
            >
                Australia
            </div>
        </button>
        <button
            className="filter-button "
            onClick={[Function]}
        >
            <div
                className="filter-title"
            >
                Alemanhã
            </div>
        </button>
        <button
            className="filter-button "
            onClick={[Function]}
        >
            <div
                className="filter-title"
            >
                Brasil
            </div>
        </button>
        <button
            className="filter-button "
            onClick={[Function]}
        >
            <div
                className="filter-title"
            >
                Portugal
            </div>
        </button>
        <button
            className="filter-button "
            onClick={[Function]}
        >
            <div
                className="filter-title"
            >
                EUA
            </div>
        </button>
        <button
            className="filter-button "
            onClick={[Function]}
        >
            <div
                className="filter-title"
            >
                Rússia
            </div>
        </button>
    </div>
</section>,
]
`;
