// Jest Snapshot v1, https://goo.gl/fbAQLP

exports[`Should Card match to snapshot 1`] = `
<div
  className="card"
>
  <img
    alt="Bailando"
    className="card-image"
    src="https://i.scdn.co/image/723b3060add0aff0011fd2ae7d59237bbe788bb2"
    title="Bailando"
    width={250}
  />
  <a
    href="#!"
    onClick={[Function]}
    role="button"
  >
    <span
      className="card-title"
    >
      Bailando
    </span>
  </a>
  <span
    className="card-song"
  >
    234
     Songs
  </span>
</div>
`;
